[  0%] Built target remus-constants_autogen_timestamp_deps
[  0%] Built target remus-constants_autogen
[  1%] Built target remus-constants
[  1%] Built target remus-core_autogen_timestamp_deps
[  2%] Built target remus-core_autogen
[ 14%] Built target remus-core
[ 14%] Built target remus-services_autogen_timestamp_deps
[ 14%] Built target remus-services_autogen
[ 18%] Built target remus-services
[ 18%] Built target remus-metadata_autogen_timestamp_deps
[ 18%] Built target remus-metadata_autogen
[ 18%] Building CXX object src/metadata/CMakeFiles/remus-metadata.dir/clrmamepro_parser.cpp.o
[ 19%] Building CXX object src/metadata/CMakeFiles/remus-metadata.dir/local_database_provider.cpp.o
[ 19%] Building CXX object src/metadata/CMakeFiles/remus-metadata.dir/local_database_provider_lookup.cpp.o
[ 19%] Building CXX object src/metadata/CMakeFiles/remus-metadata.dir/local_database_provider_match.cpp.o
[ 20%] Building CXX object src/metadata/CMakeFiles/remus-metadata.dir/gametdb_provider.cpp.o
[ 20%] Building CXX object src/metadata/CMakeFiles/remus-metadata.dir/gametdb_provider_artwork.cpp.o
[ 20%] Building CXX object src/metadata/CMakeFiles/remus-metadata.dir/retroachievements_provider.cpp.o
[ 20%] Building CXX object src/metadata/CMakeFiles/remus-metadata.dir/wikidata_provider.cpp.o
[ 21%] Building CXX object src/metadata/CMakeFiles/remus-metadata.dir/libretro_metadata_parser.cpp.o
[ 21%] Building CXX object src/metadata/CMakeFiles/remus-metadata.dir/provider_orchestrator.cpp.o
[ 21%] Building CXX object src/metadata/CMakeFiles/remus-metadata.dir/provider_orchestrator_fallback.cpp.o
[ 21%] Building CXX object src/metadata/CMakeFiles/remus-metadata.dir/metadata_cache.cpp.o
[ 22%] Building CXX object src/metadata/CMakeFiles/remus-metadata.dir/rate_limiter.cpp.o
[ 22%] Building CXX object src/metadata/CMakeFiles/remus-metadata.dir/artwork_downloader.cpp.o
[ 22%] Building CXX object src/metadata/CMakeFiles/remus-metadata.dir/filename_normalizer.cpp.o
[ 22%] Building CXX object src/metadata/CMakeFiles/remus-metadata.dir/compendium_dat_extractor.cpp.o
[ 23%] Building CXX object src/metadata/CMakeFiles/remus-metadata.dir/compendium_identity_linker.cpp.o
[ 23%] Building CXX object src/metadata/CMakeFiles/remus-metadata.dir/compendium_fact_inserter.cpp.o
[ 23%] Building CXX object src/metadata/CMakeFiles/remus-metadata.dir/compendium_merge_resolver.cpp.o
[ 23%] Building CXX object src/metadata/CMakeFiles/remus-metadata.dir/compendium_compiler_service.cpp.o
[ 24%] Linking CXX static library libremus-metadata.a
Error running link command: Bus errormake[2]: *** [src/metadata/CMakeFiles/remus-metadata.dir/build.make:665: src/metadata/libremus-metadata.a] Error 1
make[2]: *** Deleting file 'src/metadata/libremus-metadata.a'
make[1]: *** [CMakeFiles/Makefile2:1694: src/metadata/CMakeFiles/remus-metadata.dir/all] Error 2
make: *** [Makefile:146: all] Error 2
